program
  declList
    decl
      varDecl
        type
    decl
      arrayDecl
        type
    decl
      funcDefn
        paramList
        stmtBlock
          stmtList
