program
  declList
    decl
      funcDefn
        paramList
          param
            type
        stmtBlock
          stmtList
            stmt
              callStmt
                callExpr
                  exprList
                    expr0
                      expr1
                        expr2
                          expr3
                            designator
    decl
      funcDefn
        paramList
        stmtBlock
          stmtList
            stmt
              callStmt
                callExpr
                  exprList
                    expr0
                      expr1
                        expr2
                          expr3
                            literal
