program
  declList
    decl
      funcDefn
        paramList
          param
            type
        type
        stmtBlock
          stmtList
            stmt
              callStmt
                callExpr
                  exprList
                    expr0
                      expr1
                        expr2
                          expr3
                            designator
            stmt
              returnStmt
                expr0
                  expr1
                    expr2
                      expr3
                        designator
    decl
      funcDefn
        paramList
        stmtBlock
          stmtList
            stmt
              callStmt
                callExpr
                  exprList
                    expr0
                      expr1
                        expr2
                          expr3
                            literal
            stmt
              callStmt
                callExpr
                  exprList
                    expr0
                      expr1
                        expr2
                          expr3
                            literal
            stmt
              callStmt
                callExpr
                  exprList
                    expr0
                      expr1
                        expr2
                          expr3
                            literal
    decl
      funcDefn
        paramList
        stmtBlock
          stmtList
            stmt
              callStmt
                callExpr
                  exprList
