program
  declList
    decl
      funcDefn
        paramList
        stmtBlock
          stmtList
