program
  declList
    decl
      funcDefn
        paramList
        type
        stmtBlock
          stmtList
            stmt
              returnStmt
                expr0
                  expr1
                    expr2
                      expr3
                        callExpr
                          exprList
    decl
      funcDefn
        paramList
        stmtBlock
          stmtList
            stmt
              callStmt
                callExpr
                  exprList
                    expr0
                      expr1
                        expr2
                          expr3
                            callExpr
                              exprList
